2026-08-27T20:04:47Z chaos store: <CHAOS_TMPDIR>/store (the run of record is untouched)
events: 5, chain intact
status: DONE
2026-08-27T20:04:47Z chaos seeded CANARY-01 as {'in-progress': 1, 'planned': 81}
2026-08-27T20:04:47Z chaos starting the supervisor
2026-08-27T20:04:48Z supervisor start: repository /Users/donbeave/Projects/tailrocks/ecosystem
2026-08-27T20:04:48Z supervisor reconcile: reading the run state
2026-08-27T20:04:48Z supervisor reconcile: releasing lease on CANARY-01 (token 1): no-live-runner
2026-08-27T20:04:48Z supervisor reconcile: done tasks: 0
2026-08-27T20:04:48Z supervisor launching coordinator in tmux session chaos-coordinator (log <CHAOS_TMPDIR>/logs/coordinator.log)
2026-08-27T20:04:50Z chaos coordinator run 1 observed
2026-08-27T20:04:50Z chaos worker container chaos-CANARY-01 is running
2026-08-27T20:04:49Z coordinator run 1: CANARY-01 is in-progress, unleased, highest token 1
2026-08-27T20:04:49Z coordinator leasing CANARY-01
2026-08-27T20:04:49Z coordinator lease taken with fencing token 2
2026-08-27T20:04:49Z coordinator starting worker container chaos-CANARY-01
2026-08-27T20:04:49Z coordinator recorded the lease-holder event for token 2
2026-08-27T20:04:49Z coordinator in-progress; hanging until something kills me
2026-08-27T20:04:50Z chaos (a) forced compaction: re-prompting the coordinator (kill + supervisor restart)
2026-08-27T20:04:50Z supervisor coordinator exited with code unknown
2026-08-27T20:04:50Z supervisor invariants hold: done 0 -> 0, no done task leased
2026-08-27T20:04:50Z supervisor no terminal message; resuming from durable state in 5s (restart 1)
2026-08-27T20:04:55Z supervisor reconcile: reading the run state
2026-08-27T20:04:55Z supervisor reconcile: CANARY-01 still has a live runner, lease kept
2026-08-27T20:04:55Z supervisor reconcile: done tasks: 0
2026-08-27T20:04:55Z supervisor launching coordinator in tmux session chaos-coordinator (log <CHAOS_TMPDIR>/logs/coordinator.log)
2026-08-27T20:04:56Z chaos coordinator run 2 observed
2026-08-27T20:04:55Z coordinator run 2: CANARY-01 is in-progress, leased, highest token 2
2026-08-27T20:04:55Z coordinator leasing CANARY-01
2026-08-27T20:04:55Z coordinator lease taken with fencing token 3
2026-08-27T20:04:56Z coordinator worker container chaos-CANARY-01 already exists; reusing it
2026-08-27T20:04:56Z coordinator recorded the lease-holder event for token 3
2026-08-27T20:04:56Z coordinator in-progress; hanging until something kills me
2026-08-27T20:04:56Z chaos (b) killing the coordinator session
2026-08-27T20:04:57Z supervisor coordinator exited with code unknown
2026-08-27T20:04:57Z supervisor invariants hold: done 0 -> 0, no done task leased
2026-08-27T20:04:57Z supervisor no terminal message; resuming from durable state in 10s (restart 2)
2026-08-27T20:05:08Z supervisor reconcile: reading the run state
2026-08-27T20:05:08Z supervisor reconcile: CANARY-01 still has a live runner, lease kept
2026-08-27T20:05:08Z supervisor reconcile: done tasks: 0
2026-08-27T20:05:08Z supervisor launching coordinator in tmux session chaos-coordinator (log <CHAOS_TMPDIR>/logs/coordinator.log)
2026-08-27T20:05:08Z chaos coordinator run 3 observed
2026-08-27T20:05:08Z coordinator run 3: CANARY-01 is in-progress, leased, highest token 3
2026-08-27T20:05:08Z coordinator leasing CANARY-01
2026-08-27T20:05:08Z chaos (c) killing the worker container chaos-CANARY-01
2026-08-27T20:05:10Z supervisor coordinator exited with code unknown
2026-08-27T20:05:10Z supervisor invariants hold: done 0 -> 0, no done task leased
2026-08-27T20:05:10Z supervisor no terminal message; resuming from durable state in 20s (restart 3)
2026-08-27T20:05:30Z supervisor reconcile: reading the run state
2026-08-27T20:05:30Z supervisor reconcile: releasing lease on CANARY-01 (token 4): no-live-runner
2026-08-27T20:05:30Z supervisor reconcile: done tasks: 0
2026-08-27T20:05:30Z supervisor launching coordinator in tmux session chaos-coordinator (log <CHAOS_TMPDIR>/logs/coordinator.log)
2026-08-27T20:05:30Z chaos coordinator run 4 observed
2026-08-27T20:05:30Z coordinator run 4: CANARY-01 is in-progress, unleased, highest token 4
2026-08-27T20:05:30Z coordinator leasing CANARY-01
2026-08-27T20:05:30Z coordinator lease taken with fencing token 5
2026-08-27T20:05:30Z chaos (d) expiring the lease: TTL 1s, then sleeping 2s
{"task": "CANARY-01", "owner": "chaos-ttl", "token": 6, "epoch": 6, "expires_at": 1787861131}
2026-08-27T20:05:32Z supervisor coordinator exited with code 1
2026-08-27T20:05:32Z supervisor invariants hold: done 0 -> 0, no done task leased
2026-08-27T20:05:32Z supervisor no terminal message; resuming from durable state in 40s (restart 4)
2026-08-27T20:06:12Z supervisor reconcile: reading the run state
2026-08-27T20:06:12Z supervisor reconcile: releasing lease on CANARY-01 (token 6): expired-ttl
2026-08-27T20:06:12Z supervisor reconcile: done tasks: 0
2026-08-27T20:06:12Z supervisor launching coordinator in tmux session chaos-coordinator (log <CHAOS_TMPDIR>/logs/coordinator.log)
2026-08-27T20:06:12Z chaos coordinator run 5 observed
2026-08-27T20:06:12Z chaos replaying a lease-holder event with the stale fencing token 1
REJECTED: stale fencing token
2026-08-27T20:06:12Z chaos ASSERT PASS stale fencing token 1 is rejected
2026-08-27T20:06:12Z chaos (e) host restart: tmux kill-server, kill the supervisor, remove the pid file
2026-08-27T20:06:13Z chaos re-invoking tools/supervisor.sh resume after the host restart
2026-08-27T20:06:13Z supervisor resume: repository /Users/donbeave/Projects/tailrocks/ecosystem
2026-08-27T20:06:13Z supervisor reconcile: reading the run state
2026-08-27T20:06:13Z supervisor reconcile: releasing lease on CANARY-01 (token 7): no-live-runner
2026-08-27T20:06:13Z supervisor reconcile: done tasks: 0
2026-08-27T20:06:13Z supervisor launching coordinator in tmux session chaos-coordinator (log <CHAOS_TMPDIR>/logs/coordinator.log)
2026-08-27T20:06:15Z supervisor coordinator exited with code 0
2026-08-27T20:06:15Z supervisor invariants hold: done 0 -> 1, no done task leased
2026-08-27T20:06:15Z supervisor terminal message observed; the run is over
2026-08-27T20:06:13Z coordinator run 6: CANARY-01 is in-progress, unleased, highest token 7
2026-08-27T20:06:13Z coordinator closing the canary from the evidence of the clean run
2026-08-27T20:06:13Z coordinator CANARY-01 -> done (evidence tasks/CANARY-01/evidence.json and tasks/CANARY-01/verify.out)
2026-08-27T20:06:13Z coordinator GOAL COMPLETE
2026-08-27T20:06:15Z chaos resuming once more: a done task must not be re-executed
2026-08-27T20:06:15Z supervisor resume: repository /Users/donbeave/Projects/tailrocks/ecosystem
2026-08-27T20:06:15Z supervisor reconcile: reading the run state
2026-08-27T20:06:15Z supervisor reconcile: done tasks: 1
2026-08-27T20:06:15Z supervisor launching coordinator in tmux session chaos-coordinator (log <CHAOS_TMPDIR>/logs/coordinator.log)
2026-08-27T20:06:17Z supervisor coordinator exited with code 0
2026-08-27T20:06:17Z supervisor invariants hold: done 1 -> 1, no done task leased
2026-08-27T20:06:17Z supervisor terminal message observed; the run is over
2026-08-27T20:06:15Z coordinator run 7: CANARY-01 is done, unleased, highest token 8
2026-08-27T20:06:15Z coordinator CANARY-01 is already done; no re-execution
2026-08-27T20:06:15Z coordinator GOAL COMPLETE
2026-08-27T20:06:17Z chaos --- assertions ---
2026-08-27T20:04:48Z supervisor start: repository /Users/donbeave/Projects/tailrocks/ecosystem
2026-08-27T20:04:48Z supervisor reconcile: reading the run state
2026-08-27T20:04:48Z supervisor reconcile: releasing lease on CANARY-01 (token 1): no-live-runner
2026-08-27T20:04:48Z supervisor reconcile: done tasks: 0
2026-08-27T20:04:48Z supervisor launching coordinator in tmux session chaos-coordinator (log <CHAOS_TMPDIR>/logs/coordinator.log)
2026-08-27T20:04:50Z supervisor coordinator exited with code unknown
2026-08-27T20:04:50Z supervisor invariants hold: done 0 -> 0, no done task leased
2026-08-27T20:04:50Z supervisor no terminal message; resuming from durable state in 5s (restart 1)
2026-08-27T20:04:55Z supervisor reconcile: reading the run state
2026-08-27T20:04:55Z supervisor reconcile: CANARY-01 still has a live runner, lease kept
2026-08-27T20:04:55Z supervisor reconcile: done tasks: 0
2026-08-27T20:04:55Z supervisor launching coordinator in tmux session chaos-coordinator (log <CHAOS_TMPDIR>/logs/coordinator.log)
2026-08-27T20:04:57Z supervisor coordinator exited with code unknown
2026-08-27T20:04:57Z supervisor invariants hold: done 0 -> 0, no done task leased
2026-08-27T20:04:57Z supervisor no terminal message; resuming from durable state in 10s (restart 2)
2026-08-27T20:05:08Z supervisor reconcile: reading the run state
2026-08-27T20:05:08Z supervisor reconcile: CANARY-01 still has a live runner, lease kept
2026-08-27T20:05:08Z supervisor reconcile: done tasks: 0
2026-08-27T20:05:08Z supervisor launching coordinator in tmux session chaos-coordinator (log <CHAOS_TMPDIR>/logs/coordinator.log)
2026-08-27T20:05:10Z supervisor coordinator exited with code unknown
2026-08-27T20:05:10Z supervisor invariants hold: done 0 -> 0, no done task leased
2026-08-27T20:05:10Z supervisor no terminal message; resuming from durable state in 20s (restart 3)
2026-08-27T20:05:30Z supervisor reconcile: reading the run state
2026-08-27T20:05:30Z supervisor reconcile: releasing lease on CANARY-01 (token 4): no-live-runner
2026-08-27T20:05:30Z supervisor reconcile: done tasks: 0
2026-08-27T20:05:30Z supervisor launching coordinator in tmux session chaos-coordinator (log <CHAOS_TMPDIR>/logs/coordinator.log)
2026-08-27T20:05:32Z supervisor coordinator exited with code 1
2026-08-27T20:05:32Z supervisor invariants hold: done 0 -> 0, no done task leased
2026-08-27T20:05:32Z supervisor no terminal message; resuming from durable state in 40s (restart 4)
2026-08-27T20:06:12Z supervisor reconcile: reading the run state
2026-08-27T20:06:12Z supervisor reconcile: releasing lease on CANARY-01 (token 6): expired-ttl
2026-08-27T20:06:12Z supervisor reconcile: done tasks: 0
2026-08-27T20:06:12Z supervisor launching coordinator in tmux session chaos-coordinator (log <CHAOS_TMPDIR>/logs/coordinator.log)
2026-08-27T20:06:13Z supervisor resume: repository /Users/donbeave/Projects/tailrocks/ecosystem
2026-08-27T20:06:13Z supervisor reconcile: reading the run state
2026-08-27T20:06:13Z supervisor reconcile: releasing lease on CANARY-01 (token 7): no-live-runner
2026-08-27T20:06:13Z supervisor reconcile: done tasks: 0
2026-08-27T20:06:13Z supervisor launching coordinator in tmux session chaos-coordinator (log <CHAOS_TMPDIR>/logs/coordinator.log)
2026-08-27T20:06:15Z supervisor coordinator exited with code 0
2026-08-27T20:06:15Z supervisor invariants hold: done 0 -> 1, no done task leased
2026-08-27T20:06:15Z supervisor terminal message observed; the run is over
2026-08-27T20:06:15Z supervisor resume: repository /Users/donbeave/Projects/tailrocks/ecosystem
2026-08-27T20:06:15Z supervisor reconcile: reading the run state
2026-08-27T20:06:15Z supervisor reconcile: done tasks: 1
2026-08-27T20:06:15Z supervisor launching coordinator in tmux session chaos-coordinator (log <CHAOS_TMPDIR>/logs/coordinator.log)
2026-08-27T20:06:17Z supervisor coordinator exited with code 0
2026-08-27T20:06:17Z supervisor invariants hold: done 1 -> 1, no done task leased
2026-08-27T20:06:17Z supervisor terminal message observed; the run is over
2026-08-27T20:06:17Z chaos ASSERT PASS the event chain is intact
2026-08-27T20:06:17Z chaos store facts: {"inits": 1, "dones": 1, "status": "done", "leases": 0, "rejected": 2, "stale_rejected": 2, "applied_stale": 0}
2026-08-27T20:06:17Z chaos ASSERT PASS the state store shows CANARY-01 once
2026-08-27T20:06:17Z chaos ASSERT PASS exactly one done transition for CANARY-01
2026-08-27T20:06:17Z chaos ASSERT PASS CANARY-01 is done
2026-08-27T20:06:17Z chaos ASSERT PASS no lease outlives the run
2026-08-27T20:06:17Z chaos ASSERT PASS an audit event records the rejected stale fencing token
2026-08-27T20:06:17Z chaos ASSERT PASS no second lease-holder event applied after the stale one
2026-08-27T20:06:18Z chaos gh pr list --search 'canary: CANARY-01' --state all --json number -> [{"number":1}]
2026-08-27T20:06:18Z chaos ASSERT PASS exactly one pull request
2026-08-27T20:06:18Z chaos Linear activity: blocked-on-human (PREFLIGHT-DEFECTS #4) -- op is not signed in,
2026-08-27T20:06:18Z chaos so no Linear mutation was attempted and none can have been duplicated
2026-08-27T20:06:18Z chaos ASSERT PASS no done task re-executed
2026-08-27T20:06:18Z chaos ASSERT PASS the coordinator reached its terminal message
2026-08-27T20:06:18Z chaos ASSERT PASS (d) the expired lease was reconciled
2026-08-27T20:06:18Z chaos ASSERT PASS (c) the dead worker was reconciled
2026-08-27T20:06:18Z chaos ASSERT PASS (a)(b) the supervisor resumed from durable state
2026-08-27T20:06:18Z chaos containers and tmux sessions created by this rehearsal are removed
2026-08-27T20:06:18Z chaos status: DONE
