2026-08-27T20:07:06Z chaos StopFailure: supervising tests/chaos/fake_stopfailure.sh (restart budget 1)
2026-08-27T20:07:06Z supervisor start: repository /Users/donbeave/Projects/tailrocks/ecosystem
2026-08-27T20:07:06Z supervisor reconcile: reading the run state
2026-08-27T20:07:06Z supervisor reconcile: releasing lease on CANARY-01 (token 1): no-live-runner
2026-08-27T20:07:06Z supervisor reconcile: done tasks: 0
2026-08-27T20:07:06Z supervisor launching coordinator in tmux session chaos-stopfailure (log <CHAOS_TMPDIR>/chaos-stopfailure/logs/coordinator.log)
2026-08-27T20:07:08Z supervisor coordinator exited with code 1
2026-08-27T20:07:08Z supervisor observed StopFailure/stop hook in the coordinator log
2026-08-27T20:07:09Z supervisor invariants hold: done 0 -> 0, no done task leased
2026-08-27T20:07:09Z supervisor no terminal message; resuming from durable state in 5s (restart 1)
2026-08-27T20:07:14Z supervisor reconcile: reading the run state
2026-08-27T20:07:14Z supervisor reconcile: done tasks: 0
2026-08-27T20:07:14Z supervisor launching coordinator in tmux session chaos-stopfailure (log <CHAOS_TMPDIR>/chaos-stopfailure/logs/coordinator.log)
2026-08-27T20:07:16Z supervisor coordinator exited with code 1
2026-08-27T20:07:16Z supervisor observed StopFailure/stop hook in the coordinator log
2026-08-27T20:07:16Z supervisor invariants hold: done 0 -> 0, no done task leased
2026-08-27T20:07:16Z supervisor restart budget of 1 exhausted; giving up
2026-08-27T20:07:16Z chaos StopFailure: supervisor log
2026-08-27T20:07:06Z supervisor start: repository /Users/donbeave/Projects/tailrocks/ecosystem
2026-08-27T20:07:06Z supervisor reconcile: reading the run state
2026-08-27T20:07:06Z supervisor reconcile: releasing lease on CANARY-01 (token 1): no-live-runner
2026-08-27T20:07:06Z supervisor reconcile: done tasks: 0
2026-08-27T20:07:06Z supervisor launching coordinator in tmux session chaos-stopfailure (log <CHAOS_TMPDIR>/chaos-stopfailure/logs/coordinator.log)
2026-08-27T20:07:08Z supervisor coordinator exited with code 1
2026-08-27T20:07:08Z supervisor observed StopFailure/stop hook in the coordinator log
2026-08-27T20:07:09Z supervisor invariants hold: done 0 -> 0, no done task leased
2026-08-27T20:07:09Z supervisor no terminal message; resuming from durable state in 5s (restart 1)
2026-08-27T20:07:14Z supervisor reconcile: reading the run state
2026-08-27T20:07:14Z supervisor reconcile: done tasks: 0
2026-08-27T20:07:14Z supervisor launching coordinator in tmux session chaos-stopfailure (log <CHAOS_TMPDIR>/chaos-stopfailure/logs/coordinator.log)
2026-08-27T20:07:16Z supervisor coordinator exited with code 1
2026-08-27T20:07:16Z supervisor observed StopFailure/stop hook in the coordinator log
2026-08-27T20:07:16Z supervisor invariants hold: done 0 -> 0, no done task leased
2026-08-27T20:07:16Z supervisor restart budget of 1 exhausted; giving up
2026-08-27T20:07:16Z chaos ASSERT PASS the StopFailure was observed
2026-08-27T20:07:16Z chaos ASSERT PASS the non-zero exit was observed
2026-08-27T20:07:16Z chaos ASSERT PASS the session was restarted from durable state
2026-08-27T20:07:16Z chaos SIGKILL: supervising tests/chaos/fake_sigkill.sh (restart budget 1)
2026-08-27T20:07:16Z supervisor start: repository /Users/donbeave/Projects/tailrocks/ecosystem
2026-08-27T20:07:16Z supervisor reconcile: reading the run state
2026-08-27T20:07:16Z supervisor reconcile: releasing lease on CANARY-01 (token 1): no-live-runner
2026-08-27T20:07:16Z supervisor reconcile: done tasks: 0
2026-08-27T20:07:16Z supervisor launching coordinator in tmux session chaos-sigkill (log <CHAOS_TMPDIR>/chaos-sigkill/logs/coordinator.log)
2026-08-27T20:07:18Z supervisor coordinator exited with code 137
2026-08-27T20:07:18Z supervisor invariants hold: done 0 -> 0, no done task leased
2026-08-27T20:07:18Z supervisor no terminal message; resuming from durable state in 5s (restart 1)
2026-08-27T20:07:23Z supervisor reconcile: reading the run state
2026-08-27T20:07:23Z supervisor reconcile: done tasks: 0
2026-08-27T20:07:23Z supervisor launching coordinator in tmux session chaos-sigkill (log <CHAOS_TMPDIR>/chaos-sigkill/logs/coordinator.log)
2026-08-27T20:07:25Z supervisor coordinator exited with code 137
2026-08-27T20:07:25Z supervisor invariants hold: done 0 -> 0, no done task leased
2026-08-27T20:07:25Z supervisor restart budget of 1 exhausted; giving up
2026-08-27T20:07:25Z chaos SIGKILL: supervisor log
2026-08-27T20:07:16Z supervisor start: repository /Users/donbeave/Projects/tailrocks/ecosystem
2026-08-27T20:07:16Z supervisor reconcile: reading the run state
2026-08-27T20:07:16Z supervisor reconcile: releasing lease on CANARY-01 (token 1): no-live-runner
2026-08-27T20:07:16Z supervisor reconcile: done tasks: 0
2026-08-27T20:07:16Z supervisor launching coordinator in tmux session chaos-sigkill (log <CHAOS_TMPDIR>/chaos-sigkill/logs/coordinator.log)
2026-08-27T20:07:18Z supervisor coordinator exited with code 137
2026-08-27T20:07:18Z supervisor invariants hold: done 0 -> 0, no done task leased
2026-08-27T20:07:18Z supervisor no terminal message; resuming from durable state in 5s (restart 1)
2026-08-27T20:07:23Z supervisor reconcile: reading the run state
2026-08-27T20:07:23Z supervisor reconcile: done tasks: 0
2026-08-27T20:07:23Z supervisor launching coordinator in tmux session chaos-sigkill (log <CHAOS_TMPDIR>/chaos-sigkill/logs/coordinator.log)
2026-08-27T20:07:25Z supervisor coordinator exited with code 137
2026-08-27T20:07:25Z supervisor invariants hold: done 0 -> 0, no done task leased
2026-08-27T20:07:25Z supervisor restart budget of 1 exhausted; giving up
2026-08-27T20:07:25Z chaos ASSERT PASS the killed process's exit code was observed
2026-08-27T20:07:25Z chaos ASSERT PASS the session was restarted from durable state
2026-08-27T20:07:25Z chaos ASSERT PASS no finished work was undone
2026-08-27T20:07:25Z chaos tmux sessions created by this rehearsal are removed
2026-08-27T20:07:25Z chaos status: DONE
